Query Result: 1
Query Result: 1
Query Result: 1
Query Result: 1
Query Result: 1
Query Result: 1
Query Result: 1
