
Execute statement: DROP TABLE TABDOESNTEXIST

*** SQLException caught ***

SQLState: 42P01
Message:  ERROR: table "tabdoesntexist" does not exist
Vendor:   0


Rollback transaction: 

closing Connection, tabdoesntexist should still exist in database

Execute statement: DROP TABLE TABDOESNTEXIST

*** SQLException caught ***

SQLState: 42P01
Message:  ERROR: table "tabdoesntexist" does not exist
Vendor:   0


Rollback transaction: 

closing Connection, tabdoesntexist should still exist in database

Execute statement: DROP TABLE TABDOESNTEXIST

*** SQLException caught ***

SQLState: 42P01
Message:  ERROR: table "tabdoesntexist" does not exist
Vendor:   0


Rollback transaction: 

closing Connection, tabdoesntexist should still exist in database

Execute statement: DROP TABLE TABDOESNTEXIST

*** SQLException caught ***

SQLState: 42P01
Message:  ERROR: table "tabdoesntexist" does not exist
Vendor:   0


Rollback transaction: 

closing Connection, tabdoesntexist should still exist in database

Execute statement: DROP TABLE TABDOESNTEXIST

*** SQLException caught ***

SQLState: 42P01
Message:  ERROR: table "tabdoesntexist" does not exist
Vendor:   0


Rollback transaction: 

closing Connection, tabdoesntexist should still exist in database

Execute statement: DROP TABLE TABDOESNTEXIST

*** SQLException caught ***

SQLState: 42P01
Message:  ERROR: table "tabdoesntexist" does not exist
Vendor:   0


Rollback transaction: 

closing Connection, tabdoesntexist should still exist in database
