Checking if Driver is registered with DriverManager.
DROP TABLE
CREATE TABLE
We got an exception while executing our query:that probably means our SQL is invalid
Checking if Driver is registered with DriverManager.
DROP TABLE
CREATE TABLE
We got an exception while executing our query:that probably means our SQL is invalid
