Checking if Driver is registered with DriverManager.
DROP TABLE
CREATE TABLE
DROP TABLE
CREATE TABLE
INSERTED ROWS 10
INSERTED ROWS 10
DROP TABLE
CREATE TABLE
DROP TABLE
CREATE TABLE
INSERTED ROWS 10
QUERY TABLE
1,  1
1,  2
2,  2
1,  3
3,  3
1,  4
4,  4
1,  5
5,  5
1,  6
Checking if Driver is registered with DriverManager.
DROP TABLE
CREATE TABLE
DROP TABLE
CREATE TABLE
INSERTED ROWS 10
INSERTED ROWS 10
DROP TABLE
CREATE TABLE
DROP TABLE
CREATE TABLE
INSERTED ROWS 10
QUERY TABLE
1,  1
1,  2
2,  2
1,  3
3,  3
1,  4
4,  4
1,  5
5,  5
1,  6
Checking if Driver is registered with DriverManager.
DROP TABLE
CREATE TABLE
DROP TABLE
CREATE TABLE
INSERTED ROWS 10
INSERTED ROWS 10
DROP TABLE
CREATE TABLE
DROP TABLE
CREATE TABLE
INSERTED ROWS 10
QUERY TABLE
1,  1
1,  2
2,  2
1,  3
3,  3
1,  4
4,  4
1,  5
5,  5
1,  6
Checking if Driver is registered with DriverManager.
DROP TABLE
CREATE TABLE
DROP TABLE
CREATE TABLE
INSERTED ROWS 10
INSERTED ROWS 10
DROP TABLE
CREATE TABLE
DROP TABLE
CREATE TABLE
INSERTED ROWS 10
QUERY TABLE
1,  1
1,  2
2,  2
1,  3
3,  3
1,  4
4,  4
1,  5
5,  5
1,  6
Checking if Driver is registered with DriverManager.
DROP TABLE
CREATE TABLE
DROP TABLE
CREATE TABLE
INSERTED ROWS 10
INSERTED ROWS 10
DROP TABLE
CREATE TABLE
DROP TABLE
CREATE TABLE
INSERTED ROWS 10
QUERY TABLE
1,  1
1,  2
2,  2
1,  3
3,  3
1,  4
4,  4
1,  5
5,  5
1,  6
Checking if Driver is registered with DriverManager.
DROP TABLE
CREATE TABLE
DROP TABLE
CREATE TABLE
INSERTED ROWS 10
INSERTED ROWS 10
DROP TABLE
CREATE TABLE
DROP TABLE
CREATE TABLE
INSERTED ROWS 10
QUERY TABLE
1,  1
1,  2
2,  2
1,  3
3,  3
1,  4
4,  4
1,  5
5,  5
1,  6
