Checking if Driver is registered with DriverManager.
DROP TABLE
CREATE TABLE
INSERTED ROWS 10
CAN'T DELETE BECAUSE THE TABLE IS APPEND-ONLY
QUERY TABLE
1,  1
1,  2
1,  3
1,  4
1,  5
1,  6
2,  2
3,  3
4,  4
5,  5
Checking if Driver is registered with DriverManager.
DROP TABLE
CREATE TABLE
INSERTED ROWS 10
CAN'T DELETE BECAUSE THE TABLE IS APPEND-ONLY
QUERY TABLE
1,  1
1,  2
1,  3
1,  4
1,  5
1,  6
2,  2
3,  3
4,  4
5,  5
Checking if Driver is registered with DriverManager.
DROP TABLE
CREATE TABLE
INSERTED ROWS 10
CAN'T DELETE BECAUSE THE TABLE IS APPEND-ONLY
QUERY TABLE
1,  1
1,  2
1,  3
1,  4
1,  5
1,  6
2,  2
3,  3
4,  4
5,  5
Checking if Driver is registered with DriverManager.
DROP TABLE
CREATE TABLE
INSERTED ROWS 10
CAN'T DELETE BECAUSE THE TABLE IS APPEND-ONLY
QUERY TABLE
1,  1
1,  2
1,  3
1,  4
1,  5
1,  6
2,  2
3,  3
4,  4
5,  5
Checking if Driver is registered with DriverManager.
DROP TABLE
CREATE TABLE
INSERTED ROWS 10
CAN'T DELETE BECAUSE THE TABLE IS APPEND-ONLY
QUERY TABLE
1,  1
1,  2
1,  3
1,  4
1,  5
1,  6
2,  2
3,  3
4,  4
5,  5
Checking if Driver is registered with DriverManager.
DROP TABLE
CREATE TABLE
INSERTED ROWS 10
CAN'T DELETE BECAUSE THE TABLE IS APPEND-ONLY
QUERY TABLE
1,  1
1,  2
1,  3
1,  4
1,  5
1,  6
2,  2
3,  3
4,  4
5,  5
