Checking if Driver is registered with DriverManager.
DROP TABLE
CREATE TABLE
INSERTED ROWS 10
UPDATED ROWS 6
QUERY TABLE
100,  1
2,  2
100,  2
100,  3
3,  3
100,  4
4,  4
100,  5
5,  5
100,  6
Checking if Driver is registered with DriverManager.
DROP TABLE
CREATE TABLE
INSERTED ROWS 10
UPDATED ROWS 6
QUERY TABLE
100,  1
2,  2
100,  2
100,  3
3,  3
100,  4
4,  4
100,  5
5,  5
100,  6
Checking if Driver is registered with DriverManager.
DROP TABLE
CREATE TABLE
INSERTED ROWS 10
UPDATED ROWS 6
QUERY TABLE
100,  1
2,  2
100,  2
100,  3
3,  3
100,  4
4,  4
100,  5
5,  5
100,  6
Checking if Driver is registered with DriverManager.
DROP TABLE
CREATE TABLE
INSERTED ROWS 10
UPDATED ROWS 6
QUERY TABLE
100,  1
2,  2
100,  2
100,  3
3,  3
100,  4
4,  4
100,  5
5,  5
100,  6
Checking if Driver is registered with DriverManager.
DROP TABLE
CREATE TABLE
INSERTED ROWS 10
UPDATED ROWS 6
QUERY TABLE
100,  1
2,  2
100,  2
100,  3
3,  3
100,  4
4,  4
100,  5
5,  5
100,  6
Checking if Driver is registered with DriverManager.
DROP TABLE
CREATE TABLE
INSERTED ROWS 10
UPDATED ROWS 6
QUERY TABLE
100,  1
2,  2
100,  2
100,  3
3,  3
100,  4
4,  4
100,  5
5,  5
100,  6
