Checking if Driver is registered with DriverManager.
DROP TABLE
CREATE TABLE
INSERTED ROWS 10
DROP TABLE
INSERTED ROWS 0
QUERY TABLE
1,  5
5,  5
1,  6
Checking if Driver is registered with DriverManager.
DROP TABLE
CREATE TABLE
INSERTED ROWS 10
DROP TABLE
INSERTED ROWS 0
QUERY TABLE
1,  5
5,  5
1,  6
Checking if Driver is registered with DriverManager.
DROP TABLE
CREATE TABLE
INSERTED ROWS 10
DROP TABLE
INSERTED ROWS 0
QUERY TABLE
1,  5
5,  5
1,  6
Checking if Driver is registered with DriverManager.
DROP TABLE
CREATE TABLE
INSERTED ROWS 10
DROP TABLE
INSERTED ROWS 0
QUERY TABLE
1,  5
5,  5
1,  6
Checking if Driver is registered with DriverManager.
DROP TABLE
CREATE TABLE
INSERTED ROWS 10
DROP TABLE
INSERTED ROWS 0
QUERY TABLE
1,  5
5,  5
1,  6
Checking if Driver is registered with DriverManager.
DROP TABLE
CREATE TABLE
INSERTED ROWS 10
DROP TABLE
INSERTED ROWS 0
QUERY TABLE
1,  5
5,  5
1,  6
