Checking if Driver is registered with DriverManager.
DROP TABLE
CREATE TABLE
DROP TABLE
CREATE TABLE
We got an exception while executing our query:that probably means our SQL is invalid
Checking if Driver is registered with DriverManager.
DROP TABLE
CREATE TABLE
DROP TABLE
CREATE TABLE
We got an exception while executing our query:that probably means our SQL is invalid
Checking if Driver is registered with DriverManager.
DROP TABLE
CREATE TABLE
DROP TABLE
CREATE TABLE
INSERTED ROWS 19
QUERY TABLE
1,  1
1,  2
1,  2
1,  3
1,  4
1,  5
1,  6
1,  7
2,  2
2,  3
3,  3
3,  4
4,  4
4,  5
5,  5
5,  6
6,  6
6,  7
7,  7
Checking if Driver is registered with DriverManager.
DROP TABLE
CREATE TABLE
DROP TABLE
CREATE TABLE
INSERTED ROWS 19
QUERY TABLE
1,  1
1,  2
1,  2
1,  3
1,  4
1,  5
1,  6
1,  7
2,  2
2,  3
3,  3
3,  4
4,  4
4,  5
5,  5
5,  6
6,  6
6,  7
7,  7
Checking if Driver is registered with DriverManager.
DROP TABLE
CREATE TABLE
DROP TABLE
CREATE TABLE
INSERTED ROWS 19
QUERY TABLE
1,  1
1,  2
1,  2
1,  3
1,  4
1,  5
1,  6
1,  7
2,  2
2,  3
3,  3
3,  4
4,  4
4,  5
5,  5
5,  6
6,  6
6,  7
7,  7
Checking if Driver is registered with DriverManager.
DROP TABLE
CREATE TABLE
DROP TABLE
CREATE TABLE
INSERTED ROWS 19
QUERY TABLE
1,  1
1,  2
1,  2
1,  3
1,  4
1,  5
1,  6
1,  7
2,  2
2,  3
3,  3
3,  4
4,  4
4,  5
5,  5
5,  6
6,  6
6,  7
7,  7
