Checking if Driver is registered with DriverManager.
DROP TABLE
CREATE TABLE
INSERTED ROWS 3
CREATE FUNCTIONS
DROP TABLE
CREATE TABLE
INSERTED ROWS 3
DROP TABLE
CREATE TABLE
DROP TABLE
CREATE TABLE
INSERTED ROWS 3
QUERY TABLE
aaa,  twoa,  shpits,  2011-06-01 12:30:30,  23,  732,  834567,  45.67,  789.123,  7.1234498,  123.456789
bbb,  twob,  shpits,  2011-06-01 12:30:30,  23,  732,  834567,  45.67,  789.123,  7.1234498,  123.456789
ccc,  twoc,  shpits,  2011-06-01 12:30:30,  23,  732,  834567,  45.67,  789.123,  7.1234498,  123.456789
Checking if Driver is registered with DriverManager.
DROP TABLE
CREATE TABLE
INSERTED ROWS 3
CREATE FUNCTIONS
DROP TABLE
CREATE TABLE
INSERTED ROWS 3
DROP TABLE
CREATE TABLE
DROP TABLE
CREATE TABLE
INSERTED ROWS 3
QUERY TABLE
aaa,  twoa,  shpits,  2011-06-01 12:30:30,  23,  732,  834567,  45.67,  789.123,  7.1234498,  123.456789
bbb,  twob,  shpits,  2011-06-01 12:30:30,  23,  732,  834567,  45.67,  789.123,  7.1234498,  123.456789
ccc,  twoc,  shpits,  2011-06-01 12:30:30,  23,  732,  834567,  45.67,  789.123,  7.1234498,  123.456789
Checking if Driver is registered with DriverManager.
DROP TABLE
CREATE TABLE
INSERTED ROWS 3
CREATE FUNCTIONS
DROP TABLE
CREATE TABLE
INSERTED ROWS 3
DROP TABLE
CREATE TABLE
DROP TABLE
CREATE TABLE
INSERTED ROWS 3
QUERY TABLE
aaa,  twoa,  shpits,  2011-06-01 12:30:30,  23,  732,  834567,  45.67,  789.123,  7.1234498,  123.456789
bbb,  twob,  shpits,  2011-06-01 12:30:30,  23,  732,  834567,  45.67,  789.123,  7.1234498,  123.456789
ccc,  twoc,  shpits,  2011-06-01 12:30:30,  23,  732,  834567,  45.67,  789.123,  7.1234498,  123.456789
Checking if Driver is registered with DriverManager.
DROP TABLE
CREATE TABLE
INSERTED ROWS 3
CREATE FUNCTIONS
DROP TABLE
CREATE TABLE
INSERTED ROWS 3
DROP TABLE
CREATE TABLE
DROP TABLE
CREATE TABLE
INSERTED ROWS 3
QUERY TABLE
aaa,  twoa,  shpits,  2011-06-01 12:30:30,  23,  732,  834567,  45.67,  789.123,  7.1234498,  123.456789
bbb,  twob,  shpits,  2011-06-01 12:30:30,  23,  732,  834567,  45.67,  789.123,  7.1234498,  123.456789
ccc,  twoc,  shpits,  2011-06-01 12:30:30,  23,  732,  834567,  45.67,  789.123,  7.1234498,  123.456789
Checking if Driver is registered with DriverManager.
DROP TABLE
CREATE TABLE
INSERTED ROWS 3
CREATE FUNCTIONS
DROP TABLE
CREATE TABLE
INSERTED ROWS 3
DROP TABLE
CREATE TABLE
DROP TABLE
CREATE TABLE
INSERTED ROWS 3
QUERY TABLE
aaa,  twoa,  shpits,  2011-06-01 12:30:30,  23,  732,  834567,  45.67,  789.123,  7.1234498,  123.456789
bbb,  twob,  shpits,  2011-06-01 12:30:30,  23,  732,  834567,  45.67,  789.123,  7.1234498,  123.456789
ccc,  twoc,  shpits,  2011-06-01 12:30:30,  23,  732,  834567,  45.67,  789.123,  7.1234498,  123.456789
Checking if Driver is registered with DriverManager.
DROP TABLE
CREATE TABLE
INSERTED ROWS 3
CREATE FUNCTIONS
DROP TABLE
CREATE TABLE
INSERTED ROWS 3
DROP TABLE
CREATE TABLE
DROP TABLE
CREATE TABLE
INSERTED ROWS 3
QUERY TABLE
aaa,  twoa,  shpits,  2011-06-01 12:30:30,  23,  732,  834567,  45.67,  789.123,  7.1234498,  123.456789
bbb,  twob,  shpits,  2011-06-01 12:30:30,  23,  732,  834567,  45.67,  789.123,  7.1234498,  123.456789
ccc,  twoc,  shpits,  2011-06-01 12:30:30,  23,  732,  834567,  45.67,  789.123,  7.1234498,  123.456789
