Checking if Driver is registered with DriverManager.
CREATED TABLE
INSERTED ROWS 100
QUERY TABLE
col a = 1
col a = 2
col a = 3
col a = 4
col a = 5
col a = 6
col a = 7
col a = 8
col a = 9
col a = 10
col a = 11
col a = 12
col a = 13
col a = 14
col a = 15
col a = 16
col a = 17
col a = 18
col a = 19
col a = 20
col a = 21
col a = 22
col a = 23
col a = 24
col a = 25
col a = 26
col a = 27
col a = 28
col a = 29
col a = 30
col a = 31
col a = 32
col a = 33
col a = 34
col a = 35
col a = 36
col a = 37
col a = 38
col a = 39
col a = 40
col a = 41
col a = 42
col a = 43
col a = 44
col a = 45
col a = 46
col a = 47
col a = 48
col a = 49
col a = 50
col a = 51
col a = 52
col a = 53
col a = 54
col a = 55
col a = 56
col a = 57
col a = 58
col a = 59
col a = 60
col a = 61
col a = 62
col a = 63
col a = 64
col a = 65
col a = 66
col a = 67
col a = 68
col a = 69
col a = 70
col a = 71
col a = 72
col a = 73
col a = 74
col a = 75
col a = 76
col a = 77
col a = 78
col a = 79
col a = 80
col a = 81
col a = 82
col a = 83
col a = 84
col a = 85
col a = 86
col a = 87
col a = 88
col a = 89
col a = 90
col a = 91
col a = 92
col a = 93
col a = 94
col a = 95
col a = 96
col a = 97
col a = 98
col a = 99
col a = 100
DROP TABLE
Checking if Driver is registered with DriverManager.
CREATED TABLE
INSERTED ROWS 100
QUERY TABLE
col a = 1
col a = 2
col a = 3
col a = 4
col a = 5
col a = 6
col a = 7
col a = 8
col a = 9
col a = 10
col a = 11
col a = 12
col a = 13
col a = 14
col a = 15
col a = 16
col a = 17
col a = 18
col a = 19
col a = 20
col a = 21
col a = 22
col a = 23
col a = 24
col a = 25
col a = 26
col a = 27
col a = 28
col a = 29
col a = 30
col a = 31
col a = 32
col a = 33
col a = 34
col a = 35
col a = 36
col a = 37
col a = 38
col a = 39
col a = 40
col a = 41
col a = 42
col a = 43
col a = 44
col a = 45
col a = 46
col a = 47
col a = 48
col a = 49
col a = 50
col a = 51
col a = 52
col a = 53
col a = 54
col a = 55
col a = 56
col a = 57
col a = 58
col a = 59
col a = 60
col a = 61
col a = 62
col a = 63
col a = 64
col a = 65
col a = 66
col a = 67
col a = 68
col a = 69
col a = 70
col a = 71
col a = 72
col a = 73
col a = 74
col a = 75
col a = 76
col a = 77
col a = 78
col a = 79
col a = 80
col a = 81
col a = 82
col a = 83
col a = 84
col a = 85
col a = 86
col a = 87
col a = 88
col a = 89
col a = 90
col a = 91
col a = 92
col a = 93
col a = 94
col a = 95
col a = 96
col a = 97
col a = 98
col a = 99
col a = 100
DROP TABLE
Checking if Driver is registered with DriverManager.
CREATED TABLE
INSERTED ROWS 100
QUERY TABLE
col a = 1
col a = 2
col a = 3
col a = 4
col a = 5
col a = 6
col a = 7
col a = 8
col a = 9
col a = 10
col a = 11
col a = 12
col a = 13
col a = 14
col a = 15
col a = 16
col a = 17
col a = 18
col a = 19
col a = 20
col a = 21
col a = 22
col a = 23
col a = 24
col a = 25
col a = 26
col a = 27
col a = 28
col a = 29
col a = 30
col a = 31
col a = 32
col a = 33
col a = 34
col a = 35
col a = 36
col a = 37
col a = 38
col a = 39
col a = 40
col a = 41
col a = 42
col a = 43
col a = 44
col a = 45
col a = 46
col a = 47
col a = 48
col a = 49
col a = 50
col a = 51
col a = 52
col a = 53
col a = 54
col a = 55
col a = 56
col a = 57
col a = 58
col a = 59
col a = 60
col a = 61
col a = 62
col a = 63
col a = 64
col a = 65
col a = 66
col a = 67
col a = 68
col a = 69
col a = 70
col a = 71
col a = 72
col a = 73
col a = 74
col a = 75
col a = 76
col a = 77
col a = 78
col a = 79
col a = 80
col a = 81
col a = 82
col a = 83
col a = 84
col a = 85
col a = 86
col a = 87
col a = 88
col a = 89
col a = 90
col a = 91
col a = 92
col a = 93
col a = 94
col a = 95
col a = 96
col a = 97
col a = 98
col a = 99
col a = 100
DROP TABLE
Checking if Driver is registered with DriverManager.
CREATED TABLE
INSERTED ROWS 100
QUERY TABLE
col a = 1
col a = 2
col a = 3
col a = 4
col a = 5
col a = 6
col a = 7
col a = 8
col a = 9
col a = 10
col a = 11
col a = 12
col a = 13
col a = 14
col a = 15
col a = 16
col a = 17
col a = 18
col a = 19
col a = 20
col a = 21
col a = 22
col a = 23
col a = 24
col a = 25
col a = 26
col a = 27
col a = 28
col a = 29
col a = 30
col a = 31
col a = 32
col a = 33
col a = 34
col a = 35
col a = 36
col a = 37
col a = 38
col a = 39
col a = 40
col a = 41
col a = 42
col a = 43
col a = 44
col a = 45
col a = 46
col a = 47
col a = 48
col a = 49
col a = 50
col a = 51
col a = 52
col a = 53
col a = 54
col a = 55
col a = 56
col a = 57
col a = 58
col a = 59
col a = 60
col a = 61
col a = 62
col a = 63
col a = 64
col a = 65
col a = 66
col a = 67
col a = 68
col a = 69
col a = 70
col a = 71
col a = 72
col a = 73
col a = 74
col a = 75
col a = 76
col a = 77
col a = 78
col a = 79
col a = 80
col a = 81
col a = 82
col a = 83
col a = 84
col a = 85
col a = 86
col a = 87
col a = 88
col a = 89
col a = 90
col a = 91
col a = 92
col a = 93
col a = 94
col a = 95
col a = 96
col a = 97
col a = 98
col a = 99
col a = 100
DROP TABLE
Checking if Driver is registered with DriverManager.
CREATED TABLE
INSERTED ROWS 100
QUERY TABLE
col a = 1
col a = 2
col a = 3
col a = 4
col a = 5
col a = 6
col a = 7
col a = 8
col a = 9
col a = 10
col a = 11
col a = 12
col a = 13
col a = 14
col a = 15
col a = 16
col a = 17
col a = 18
col a = 19
col a = 20
col a = 21
col a = 22
col a = 23
col a = 24
col a = 25
col a = 26
col a = 27
col a = 28
col a = 29
col a = 30
col a = 31
col a = 32
col a = 33
col a = 34
col a = 35
col a = 36
col a = 37
col a = 38
col a = 39
col a = 40
col a = 41
col a = 42
col a = 43
col a = 44
col a = 45
col a = 46
col a = 47
col a = 48
col a = 49
col a = 50
col a = 51
col a = 52
col a = 53
col a = 54
col a = 55
col a = 56
col a = 57
col a = 58
col a = 59
col a = 60
col a = 61
col a = 62
col a = 63
col a = 64
col a = 65
col a = 66
col a = 67
col a = 68
col a = 69
col a = 70
col a = 71
col a = 72
col a = 73
col a = 74
col a = 75
col a = 76
col a = 77
col a = 78
col a = 79
col a = 80
col a = 81
col a = 82
col a = 83
col a = 84
col a = 85
col a = 86
col a = 87
col a = 88
col a = 89
col a = 90
col a = 91
col a = 92
col a = 93
col a = 94
col a = 95
col a = 96
col a = 97
col a = 98
col a = 99
col a = 100
DROP TABLE
Checking if Driver is registered with DriverManager.
CREATED TABLE
INSERTED ROWS 100
QUERY TABLE
col a = 1
col a = 2
col a = 3
col a = 4
col a = 5
col a = 6
col a = 7
col a = 8
col a = 9
col a = 10
col a = 11
col a = 12
col a = 13
col a = 14
col a = 15
col a = 16
col a = 17
col a = 18
col a = 19
col a = 20
col a = 21
col a = 22
col a = 23
col a = 24
col a = 25
col a = 26
col a = 27
col a = 28
col a = 29
col a = 30
col a = 31
col a = 32
col a = 33
col a = 34
col a = 35
col a = 36
col a = 37
col a = 38
col a = 39
col a = 40
col a = 41
col a = 42
col a = 43
col a = 44
col a = 45
col a = 46
col a = 47
col a = 48
col a = 49
col a = 50
col a = 51
col a = 52
col a = 53
col a = 54
col a = 55
col a = 56
col a = 57
col a = 58
col a = 59
col a = 60
col a = 61
col a = 62
col a = 63
col a = 64
col a = 65
col a = 66
col a = 67
col a = 68
col a = 69
col a = 70
col a = 71
col a = 72
col a = 73
col a = 74
col a = 75
col a = 76
col a = 77
col a = 78
col a = 79
col a = 80
col a = 81
col a = 82
col a = 83
col a = 84
col a = 85
col a = 86
col a = 87
col a = 88
col a = 89
col a = 90
col a = 91
col a = 92
col a = 93
col a = 94
col a = 95
col a = 96
col a = 97
col a = 98
col a = 99
col a = 100
DROP TABLE
