Checking if Driver is registered with DriverManager.
Registered the driver ok, so let's make a connection.
Hooray! We connected to the database!
Checking if Driver is registered with DriverManager.
Registered the driver ok, so let's make a connection.
Hooray! We connected to the database!
Checking if Driver is registered with DriverManager.
Registered the driver ok, so let's make a connection.
Hooray! We connected to the database!
Checking if Driver is registered with DriverManager.
Registered the driver ok, so let's make a connection.
Hooray! We connected to the database!
Checking if Driver is registered with DriverManager.
Registered the driver ok, so let's make a connection.
Hooray! We connected to the database!
Checking if Driver is registered with DriverManager.
Registered the driver ok, so let's make a connection.
Hooray! We connected to the database!
