\c ao_db
\connect: FATAL:  database "ao_db" does not exist
