\! gpfaultinjector -f filerep_consumer -m async -y fault -r mirror -H ALL > bugbuster/data/outputFaultInjector.txt
\! grep -i "error" bugbuster/data/outputFaultInjector.txt | wc -l
0
-- start_ignore
drop table if exists test;
-- end_ignore
-- start_ignore
create table test ( a int, b text);
NOTICE:  Table doesn't have 'DISTRIBUTED BY' clause -- Using column named 'a' as the Greenplum Database data distribution key for this table.
HINT:  The 'DISTRIBUTED BY' clause determines the distribution of data. Make sure column(s) chosen are the optimal data distribution key to minimize skew.
-- end_ignore
\! gprecoverseg -a > bugbuster/data/outputRecoverSeg.txt
\! sleep 10
--start_ignore
\! psql --pset pager --dbname template1 --command "select dbid, content, role, preferred_role, mode, status from gp_segment_configuration"
 dbid | content | role | preferred_role | mode | status 
------+---------+------+----------------+------+--------
    1 |      -1 | p    | p              | s    | u
    2 |       0 | p    | p              | r    | u
    3 |       1 | p    | p              | r    | u
    4 |       0 | m    | m              | r    | u
    5 |       1 | m    | m              | r    | u
(5 rows)

--end_ignore
