--\! source /Users/simiob/Perforce/cdbfast/private/simiob/cdb2/gpdemo/JDBC/greenplum_connectivity_path.sh
--\! source ../../../../gpdemo/JDBC/greenplum_connectivity_path.sh
--\! export PGUSER=`whoami`
--\! export PGHOST=localhost
\! javac data/jdbc/*.java
\! echo "============================================="
=============================================
\! java -cp $CLASSPATH:./data/jdbc/ SimplePostgresJDBC | tee -a data/jdbc/SimplePostgresJDBC.out
Checking if Driver is registered with DriverManager.
Registered the driver ok, so let's make a connection.
Hooray! We connected to the database!
\! echo "============================================="
=============================================
\! java -cp $CLASSPATH:./data/jdbc/ SimplePostgresSQL | tee -a data/jdbc/SimplePostgresSQL.out
Checking if Driver is registered with DriverManager.
CREATED TABLE
INSERTED ROWS 100
QUERY TABLE
col a = 1
col a = 2
col a = 3
col a = 4
col a = 5
col a = 6
col a = 7
col a = 8
col a = 9
col a = 10
col a = 11
col a = 12
col a = 13
col a = 14
col a = 15
col a = 16
col a = 17
col a = 18
col a = 19
col a = 20
col a = 21
col a = 22
col a = 23
col a = 24
col a = 25
col a = 26
col a = 27
col a = 28
col a = 29
col a = 30
col a = 31
col a = 32
col a = 33
col a = 34
col a = 35
col a = 36
col a = 37
col a = 38
col a = 39
col a = 40
col a = 41
col a = 42
col a = 43
col a = 44
col a = 45
col a = 46
col a = 47
col a = 48
col a = 49
col a = 50
col a = 51
col a = 52
col a = 53
col a = 54
col a = 55
col a = 56
col a = 57
col a = 58
col a = 59
col a = 60
col a = 61
col a = 62
col a = 63
col a = 64
col a = 65
col a = 66
col a = 67
col a = 68
col a = 69
col a = 70
col a = 71
col a = 72
col a = 73
col a = 74
col a = 75
col a = 76
col a = 77
col a = 78
col a = 79
col a = 80
col a = 81
col a = 82
col a = 83
col a = 84
col a = 85
col a = 86
col a = 87
col a = 88
col a = 89
col a = 90
col a = 91
col a = 92
col a = 93
col a = 94
col a = 95
col a = 96
col a = 97
col a = 98
col a = 99
col a = 100
DROP TABLE
\! echo "============================================="
=============================================
\! java -cp $CLASSPATH:./data/jdbc/ query03 | tee -a data/jdbc/query03.out
Checking if Driver is registered with DriverManager.
DROP TABLE
CREATE TABLE
INSERTED ROWS 3
DROP TABLE
CREATE TABLE
INSERTED ROWS 3
QUERY TABLE
aaa,  twoa,  shpits,  2011-06-01 12:30:30,  23,  732,  834567,  45.67,  789.123,  7.1234498,  123.456789
bbb,  twob,  shpits,  2011-06-01 12:30:30,  23,  732,  834567,  45.67,  789.123,  7.1234498,  123.456789
ccc,  twoc,  shpits,  2011-06-01 12:30:30,  23,  732,  834567,  45.67,  789.123,  7.1234498,  123.456789
\! echo "============================================="
=============================================
\! java -cp $CLASSPATH:./data/jdbc/ query04 | tee -a data/jdbc/query04.out
Checking if Driver is registered with DriverManager.
DROP TABLE
CREATE TABLE
INSERTED ROWS 10
CAN'T DELETE BECAUSE THE TABLE IS APPEND-ONLY
QUERY TABLE
1,  1
1,  2
1,  3
1,  4
1,  5
1,  6
2,  2
3,  3
4,  4
5,  5
\! echo "============================================="
=============================================
\! java -cp $CLASSPATH:./data/jdbc/ query05 | tee -a data/jdbc/query05.out
Checking if Driver is registered with DriverManager.
DROP TABLE
CREATE TABLE
INSERTED ROWS 10
CAN'T DELETE BECAUSE THE TABLE IS APPEND-ONLY
QUERY TABLE
1,  1
1,  2
1,  3
1,  4
1,  5
1,  6
2,  2
3,  3
4,  4
5,  5
\! echo "============================================="
=============================================
\! java -cp $CLASSPATH:./data/jdbc/ query06 | tee -a data/jdbc/query06.out
Checking if Driver is registered with DriverManager.
DROP TABLE
CREATE TABLE
INSERTED ROWS 10
UPDATED ROWS 6
QUERY TABLE
100,  1
2,  2
100,  2
100,  3
3,  3
100,  4
4,  4
100,  5
5,  5
100,  6
\! echo "============================================="
=============================================
\! java -cp $CLASSPATH:./data/jdbc/ query07 | tee -a data/jdbc/query07.out
Checking if Driver is registered with DriverManager.
DROP TABLE
CREATE TABLE
INSERTED ROWS 10
DROP TABLE
INSERTED ROWS 0
QUERY TABLE
1,  5
5,  5
1,  6
\! echo "============================================="
=============================================
\! java -cp $CLASSPATH:./data/jdbc/ query08 | tee -a data/jdbc/query08.out
Checking if Driver is registered with DriverManager.
DROP TABLE
CREATE TABLE
DROP TABLE
CREATE TABLE
INSERTED ROWS 19
QUERY TABLE
1,  1
1,  2
1,  2
1,  3
1,  4
1,  5
1,  6
1,  7
2,  2
2,  3
3,  3
3,  4
4,  4
4,  5
5,  5
5,  6
6,  6
6,  7
7,  7
\! echo "============================================="
=============================================
\! java -cp $CLASSPATH:./data/jdbc/ query09 | tee -a data/jdbc/query09.out
Checking if Driver is registered with DriverManager.
DROP TABLE
CREATE TABLE
DROP TABLE
CREATE TABLE
INSERTED ROWS 10
INSERTED ROWS 10
DROP TABLE
CREATE TABLE
DROP TABLE
CREATE TABLE
INSERTED ROWS 10
QUERY TABLE
1,  1
1,  2
2,  2
1,  3
3,  3
1,  4
4,  4
1,  5
5,  5
1,  6
\! echo "============================================="
=============================================
\! java -cp $CLASSPATH:./data/jdbc/ query11 | tee -a  data/jdbc/query11.out
Checking if Driver is registered with DriverManager.
DROP TABLE
CREATE TABLE
INSERTED ROWS 3
CREATE FUNCTIONS
DROP TABLE
CREATE TABLE
INSERTED ROWS 3
DROP TABLE
CREATE TABLE
DROP TABLE
CREATE TABLE
INSERTED ROWS 3
QUERY TABLE
aaa,  twoa,  shpits,  2011-06-01 12:30:30,  23,  732,  834567,  45.67,  789.123,  7.1234498,  123.456789
bbb,  twob,  shpits,  2011-06-01 12:30:30,  23,  732,  834567,  45.67,  789.123,  7.1234498,  123.456789
ccc,  twoc,  shpits,  2011-06-01 12:30:30,  23,  732,  834567,  45.67,  789.123,  7.1234498,  123.456789
\! echo "============================================="
=============================================
\! java -cp $CLASSPATH:./data/jdbc/ mpp17727 | tee -a data/jdbc/mpp17727.out

Execute statement: DROP TABLE TABDOESNTEXIST

*** SQLException caught ***

SQLState: 42P01
Message:  ERROR: table "tabdoesntexist" does not exist
Vendor:   0


Rollback transaction: 

closing Connection, tabdoesntexist should still exist in database
\! echo "============================================="
=============================================
\! psql -f data/jdbc/mpp12490.sql template1
CREATE FUNCTION
\! echo "============================================="
=============================================
\! java -cp $CLASSPATH:./data/jdbc/ mpp12490 | tee -a  data/jdbc/mpp12490.out
Query Result: 1
\! echo "============================================="
=============================================
\! rm -f data/jdbc/*.class
