select count(iaotype),iaotype from gp_toolkit.__gp_is_append_only group by iaotype;
ERROR:  relation "gp_toolkit.__gp_is_append_only" does not exist
LINE 1: select count(iaotype),iaotype from gp_toolkit.__gp_is_append...
                                           ^
CREATE TABLE toolkit_aopart (
            N_NATIONKEY INTEGER,
            N_NAME CHAR(25),
            N_REGIONKEY INTEGER,
            N_COMMENT VARCHAR(152)
            )
partition by range (n_nationkey)
subpartition by range (n_regionkey) subpartition template (start('0') end('1') inclusive,start('1') exclusive
)
(
partition p1 start('0') end('10') WITH (appendonly=true,checksum=true,compresslevel=9), partition p2 start('10') end('25') WITH (checksum=false,appendonly=true,compresslevel=7)
);
NOTICE:  Table doesn't have 'DISTRIBUTED BY' clause -- Using column named 'n_nationkey' as the Greenplum Database data distribution key for this table.
HINT:  The 'DISTRIBUTED BY' clause determines the distribution of data. Make sure column(s) chosen are the optimal data distribution key to minimize skew.
NOTICE:  CREATE TABLE will create partition "toolkit_aopart_1_prt_p1" for table "toolkit_aopart"
NOTICE:  CREATE TABLE will create partition "toolkit_aopart_1_prt_p2" for table "toolkit_aopart"
NOTICE:  CREATE TABLE will create partition "toolkit_aopart_1_prt_p1_2_prt_1" for table "toolkit_aopart_1_prt_p1"
NOTICE:  CREATE TABLE will create partition "toolkit_aopart_1_prt_p1_2_prt_2" for table "toolkit_aopart_1_prt_p1"
NOTICE:  CREATE TABLE will create partition "toolkit_aopart_1_prt_p2_2_prt_1" for table "toolkit_aopart_1_prt_p2"
NOTICE:  CREATE TABLE will create partition "toolkit_aopart_1_prt_p2_2_prt_2" for table "toolkit_aopart_1_prt_p2"
select count(iaotype),iaotype from gp_toolkit.__gp_is_append_only group by iaotype;
ERROR:  relation "gp_toolkit.__gp_is_append_only" does not exist
LINE 1: select count(iaotype),iaotype from gp_toolkit.__gp_is_append...
                                           ^
drop table toolkit_aopart;
select count(iaotype),iaotype from gp_toolkit.__gp_is_append_only group by iaotype;
ERROR:  relation "gp_toolkit.__gp_is_append_only" does not exist
LINE 1: select count(iaotype),iaotype from gp_toolkit.__gp_is_append...
                                           ^
select aunnspname from gp_toolkit.__gp_user_namespaces where aunnspname='toolkit_testschema';
ERROR:  relation "gp_toolkit.__gp_user_namespaces" does not exist
LINE 1: select aunnspname from gp_toolkit.__gp_user_namespaces where...
                               ^
create schema toolkit_testschema;
select aunnspname from gp_toolkit.__gp_user_namespaces where aunnspname='toolkit_testschema';
ERROR:  relation "gp_toolkit.__gp_user_namespaces" does not exist
LINE 1: select aunnspname from gp_toolkit.__gp_user_namespaces where...
                               ^
drop schema toolkit_testschema;
select aunnspname from gp_toolkit.__gp_user_namespaces where aunnspname='toolkit_testschema';
ERROR:  relation "gp_toolkit.__gp_user_namespaces" does not exist
LINE 1: select aunnspname from gp_toolkit.__gp_user_namespaces where...
                               ^
\echo -- order 2
-- order 2
select  autnspname, autrelname, autrelkind, autreltuples, autrelpages, autrelacl from gp_toolkit.__gp_user_data_tables where autrelname like 'toolkit%' order by 2;
ERROR:  relation "gp_toolkit.__gp_user_data_tables" does not exist
LINE 1: ...elkind, autreltuples, autrelpages, autrelacl from gp_toolkit...
                                                             ^
create table toolkit_a (a int);
NOTICE:  Table doesn't have 'DISTRIBUTED BY' clause -- Using column named 'a' as the Greenplum Database data distribution key for this table.
HINT:  The 'DISTRIBUTED BY' clause determines the distribution of data. Make sure column(s) chosen are the optimal data distribution key to minimize skew.
create table toolkit_b (b int);
NOTICE:  Table doesn't have 'DISTRIBUTED BY' clause -- Using column named 'b' as the Greenplum Database data distribution key for this table.
HINT:  The 'DISTRIBUTED BY' clause determines the distribution of data. Make sure column(s) chosen are the optimal data distribution key to minimize skew.
\echo -- order 2
-- order 2
select  autnspname, autrelname, autrelkind, autreltuples, autrelpages, autrelacl from gp_toolkit.__gp_user_data_tables where autrelname like 'toolkit%' order by 2;
ERROR:  relation "gp_toolkit.__gp_user_data_tables" does not exist
LINE 1: ...elkind, autreltuples, autrelpages, autrelacl from gp_toolkit...
                                                             ^
drop table toolkit_a;
drop table toolkit_b;
\echo -- order 2
-- order 2
select  autnspname, autrelname, autrelkind, autreltuples, autrelpages, autrelacl from gp_toolkit.__gp_user_data_tables where autrelname like 'toolkit%' order by 2;
ERROR:  relation "gp_toolkit.__gp_user_data_tables" does not exist
LINE 1: ...elkind, autreltuples, autrelpages, autrelacl from gp_toolkit...
                                                             ^
select * from gp_toolkit.__gp_masterid;
ERROR:  relation "gp_toolkit.__gp_masterid" does not exist
LINE 1: select * from gp_toolkit.__gp_masterid;
                      ^
\d gp_toolkit.gp_log_database
select logseverity from gp_toolkit.gp_log_database where logseverity='LOG' limit 10;
ERROR:  relation "gp_toolkit.gp_log_database" does not exist
LINE 1: select logseverity from gp_toolkit.gp_log_database where log...
                                ^
create table toolkit_skew (a int);
NOTICE:  Table doesn't have 'DISTRIBUTED BY' clause -- Using column named 'a' as the Greenplum Database data distribution key for this table.
HINT:  The 'DISTRIBUTED BY' clause determines the distribution of data. Make sure column(s) chosen are the optimal data distribution key to minimize skew.
insert into toolkit_skew select i from generate_series(1,1000) i;
-- Get the very last table skew
select * from gp_toolkit.gp_skew_idle_fractions order by 1 desc limit 1;
ERROR:  relation "gp_toolkit.gp_skew_idle_fractions" does not exist
LINE 1: select * from gp_toolkit.gp_skew_idle_fractions order by 1 d...
                      ^
drop table toolkit_skew;
\echo -- start_ignore
-- start_ignore
drop schema jetpack_test cascade;
ERROR:  schema "jetpack_test" does not exist
create schema jetpack_test;
set search_path=jetpack_test;
\echo -- end_ignore
-- end_ignore
create table gptoolkit_user_table_heap (a int);
NOTICE:  Table doesn't have 'DISTRIBUTED BY' clause -- Using column named 'a' as the Greenplum Database data distribution key for this table.
HINT:  The 'DISTRIBUTED BY' clause determines the distribution of data. Make sure column(s) chosen are the optimal data distribution key to minimize skew.
create table gptoolkit_user_table_ao (
            N_NATIONKEY INTEGER,
            N_NAME CHAR(25),
            N_REGIONKEY INTEGER,
            N_COMMENT VARCHAR(152)
            )
partition by range (n_nationkey)
subpartition by range (n_regionkey) subpartition template (start('0') end('1') inclusive,start('1') exclusive
)
(
partition p1 start('0') end('10') WITH (appendonly=true,checksum=true,compresslevel=9), partition p2 start('10') end('25') WITH (checksum=false,appendonly=true,compresslevel=7)
);
NOTICE:  Table doesn't have 'DISTRIBUTED BY' clause -- Using column named 'n_nationkey' as the Greenplum Database data distribution key for this table.
HINT:  The 'DISTRIBUTED BY' clause determines the distribution of data. Make sure column(s) chosen are the optimal data distribution key to minimize skew.
NOTICE:  CREATE TABLE will create partition "gptoolkit_user_table_ao_1_prt_p1" for table "gptoolkit_user_table_ao"
NOTICE:  CREATE TABLE will create partition "gptoolkit_user_table_ao_1_prt_p2" for table "gptoolkit_user_table_ao"
NOTICE:  CREATE TABLE will create partition "gptoolkit_user_table_ao_1_prt_p1_2_prt_1" for table "gptoolkit_user_table_ao_1_prt_p1"
NOTICE:  CREATE TABLE will create partition "gptoolkit_user_table_ao_1_prt_p1_2_prt_2" for table "gptoolkit_user_table_ao_1_prt_p1"
NOTICE:  CREATE TABLE will create partition "gptoolkit_user_table_ao_1_prt_p2_2_prt_1" for table "gptoolkit_user_table_ao_1_prt_p2"
NOTICE:  CREATE TABLE will create partition "gptoolkit_user_table_ao_1_prt_p2_2_prt_2" for table "gptoolkit_user_table_ao_1_prt_p2"
create table gptoolkit_user_table_co (id VARCHAR, lname CHAR(20), fname CHAR(10), tincan FLOAT
    )
 WITH (orientation='column', appendonly=true)
 DISTRIBUTED BY (id)
 ;
select autnspname,autrelname,autrelkind from gp_toolkit.__gp_user_tables where autrelname like 'gptoolkit_user_table%';
ERROR:  relation "gp_toolkit.__gp_user_tables" does not exist
LINE 1: select autnspname,autrelname,autrelkind from gp_toolkit.__gp...
                                                     ^
-- Expected to have no results
-- However it will show there is a difference if segment guc is different
select * from gp_toolkit.gp_param_settings_seg_value_diffs;
ERROR:  relation "gp_toolkit.gp_param_settings_seg_value_diffs" does not exist
LINE 1: select * from gp_toolkit.gp_param_settings_seg_value_diffs;
                      ^
select lorlocktype,lorrelname,lormode,lorgranted from gp_toolkit.gp_locks_on_relation where lorrelname like 'pg_%';
ERROR:  relation "gp_toolkit.gp_locks_on_relation" does not exist
LINE 1: ...ct lorlocktype,lorrelname,lormode,lorgranted from gp_toolkit...
                                                             ^
-- Require to run query34.sql
select relname,sotusize from pg_class pg, gp_toolkit.gp_size_of_table_uncompressed sotu where relname = 'toolkit_ao' and pg.relfilenode=sotu.sotuoid;
ERROR:  relation "gp_toolkit.gp_size_of_table_uncompressed" does not exist
LINE 1: select relname,sotusize from pg_class pg, gp_toolkit.gp_size...
                                                  ^
select pg.relname,sopaidpartitiontablesize,sopaidpartitionindexessize from pg_class pg,gp_toolkit.gp_size_of_partition_and_indexes_disk gsopai where pg.relfilenode=gsopai.sopaidpartitionoid and pg.relname like 'gptoolkit_user_table_ao%';
ERROR:  relation "gp_toolkit.gp_size_of_partition_and_indexes_disk" does not exist
LINE 1: ...esize,sopaidpartitionindexessize from pg_class pg,gp_toolkit...
                                                             ^
