-- Test: Subqueries 1
CREATE TABLE SUBSELECT_TBL1 (
  							f1 integer,
							f2 integer,
  							f3 float
						);
NOTICE:  Table doesn't have 'DISTRIBUTED BY' clause -- Using column named 'f1' as the Greenplum Database data distribution key for this table.
HINT:  The 'DISTRIBUTED BY' clause determines the distribution of data. Make sure column(s) chosen are the optimal data distribution key to minimize skew.
		
INSERT INTO SUBSELECT_TBL1 VALUES (1, 2, 3); 
INSERT INTO SUBSELECT_TBL1 VALUES (2, 3, 4); 
INSERT INTO SUBSELECT_TBL1 VALUES (3, 4, 5); 
INSERT INTO SUBSELECT_TBL1 VALUES (1, 1, 1); 
INSERT INTO SUBSELECT_TBL1 VALUES (2, 2, 2); 
INSERT INTO SUBSELECT_TBL1 VALUES (3, 3, 3); 
INSERT INTO SUBSELECT_TBL1 VALUES (6, 7, 8); 
INSERT INTO SUBSELECT_TBL1 VALUES (8, 9, NULL); 
SELECT '' AS eight, * FROM SUBSELECT_TBL1 ORDER BY 2,3,4;
 eight | f1 | f2 | f3 
-------+----+----+----
       |  1 |  1 |  1
       |  1 |  2 |  3
       |  2 |  2 |  2
       |  2 |  3 |  4
       |  3 |  3 |  3
       |  3 |  4 |  5
       |  6 |  7 |  8
       |  8 |  9 |   
(8 rows)

                        
-- Test: Subqueries 2
SELECT '' AS two, f1 AS "Constant Select" FROM SUBSELECT_TBL1
 					 WHERE f1 IN (SELECT 1) ORDER BY 2;
 two | Constant Select 
-----+-----------------
     |               1
     |               1
(2 rows)

                        
-- Test: Subqueries 3
\echo -- order 2
-- order 2
SELECT '' AS six, f1 AS "Uncorrelated Field" FROM SUBSELECT_TBL1
					  WHERE f1 IN (SELECT f2 FROM SUBSELECT_TBL1) ORDER BY 2;
 six | Uncorrelated Field 
-----+--------------------
     |                  1
     |                  1
     |                  2
     |                  2
     |                  3
     |                  3
(6 rows)

                        
-- Test: Subqueries 4
\echo -- order 2
-- order 2
SELECT '' AS six, f1 AS "Uncorrelated Field" FROM SUBSELECT_TBL1
				 WHERE f1 IN (SELECT f2 FROM SUBSELECT_TBL1 WHERE
				   f2 IN (SELECT f1 FROM SUBSELECT_TBL1)) ORDER BY 2;
 six | Uncorrelated Field 
-----+--------------------
     |                  1
     |                  1
     |                  2
     |                  2
     |                  3
     |                  3
(6 rows)

                        
-- Test: Subqueries 5
\echo -- order 2,3
-- order 2,3
SELECT '' AS three, f1, f2
  				FROM SUBSELECT_TBL1
  				WHERE (f1, f2) NOT IN (SELECT f2, CAST(f3 AS int4) FROM SUBSELECT_TBL1
                         	WHERE f3 IS NOT NULL) ORDER BY 2,3;
 three | f1 | f2 
-------+----+----
       |  1 |  2
       |  6 |  7
       |  8 |  9
(3 rows)

                        
-- Test: Subqueries 6
SELECT 1 AS one WHERE 1 IN (SELECT 1);
 one 
-----
   1
(1 row)

                        
-- Test: Subqueries 7
SELECT 1 AS zero WHERE 1 IN (SELECT 2);
 zero 
------
(0 rows)

			 
-- Test: Subqueries 7.1
SELECT 1 AS zero WHERE 1 NOT IN (SELECT 1);
 zero 
------
(0 rows)

                         
-- Test: Subqueries 8
SELECT '' AS six, f1 AS "Correlated Field", f2 AS "Second Field"
                                FROM SUBSELECT_TBL1 upper
                                WHERE f1 IN (SELECT f2 FROM SUBSELECT_TBL1 WHERE f1 = upper.f1);
 six | Correlated Field | Second Field 
-----+------------------+--------------
     |                1 |            2
     |                2 |            3
     |                1 |            1
     |                2 |            2
     |                3 |            4
     |                3 |            3
(6 rows)

                         
-- Test: Subqueries 12
create table join_tab1 ( i integer, j integer, t text);
NOTICE:  Table doesn't have 'DISTRIBUTED BY' clause -- Using column named 'i' as the Greenplum Database data distribution key for this table.
HINT:  The 'DISTRIBUTED BY' clause determines the distribution of data. Make sure column(s) chosen are the optimal data distribution key to minimize skew.
INSERT INTO join_tab1 VALUES (1, 4, 'one');
INSERT INTO join_tab1 VALUES (2, 3, 'two');
INSERT INTO join_tab1 VALUES (3, 2, 'three');
INSERT INTO join_tab1 VALUES (4, 1, 'four');
INSERT INTO join_tab1 VALUES (5, 0, 'five');
INSERT INTO join_tab1 VALUES (6, 6, 'six');
INSERT INTO join_tab1  VALUES (7, 7, 'seven');
INSERT INTO join_tab1 VALUES (8, 8, 'eight');
INSERT INTO join_tab1 VALUES (0, NULL, 'zero');
INSERT INTO join_tab1 VALUES (NULL, NULL, 'null');
INSERT INTO join_tab1 VALUES (NULL, 0, 'zero');
select * from join_tab1 order by i, t;				
 i | j |   t   
---+---+-------
 0 |   | zero
 1 | 4 | one
 2 | 3 | two
 3 | 2 | three
 4 | 1 | four
 5 | 0 | five
 6 | 6 | six
 7 | 7 | seven
 8 | 8 | eight
   |   | null
   | 0 | zero
(11 rows)

                         
-- Test: Subqueries 13
create table join_tab2 ( i integer, k integer);
NOTICE:  Table doesn't have 'DISTRIBUTED BY' clause -- Using column named 'i' as the Greenplum Database data distribution key for this table.
HINT:  The 'DISTRIBUTED BY' clause determines the distribution of data. Make sure column(s) chosen are the optimal data distribution key to minimize skew.
INSERT INTO join_tab2 VALUES (1, -1);
INSERT INTO join_tab2 VALUES (2, 2);
INSERT INTO join_tab2 VALUES (3, -3);
INSERT INTO join_tab2 VALUES (2, 4);
INSERT INTO join_tab2 VALUES (5, -5);
INSERT INTO join_tab2 VALUES (5, -5);
INSERT INTO join_tab2 VALUES (0, NULL);
INSERT INTO join_tab2 VALUES (NULL, NULL);
INSERT INTO join_tab2 VALUES (NULL, 0);
select * from join_tab2; 
 i | k  
---+----
 3 | -3
 5 | -5
 5 | -5
   |   
   |  0
 1 | -1
 2 |  2
 2 |  4
 0 |   
(9 rows)

                         
-- Test: Subqueries 18
select * from(SELECT '' AS "col", t1.a, t2.e FROM join_tab1 t1 (a, b, c), join_tab2 t2 (d, e) 
				WHERE t1.a = t2.d)as A;
 col | a | e  
-----+---+----
     | 1 | -1
     | 2 |  4
     | 2 |  2
     | 0 |   
     | 3 | -3
     | 5 | -5
     | 5 | -5
(7 rows)

                         
-- Test: Subqueries 24
create table subq_abc(a int);
NOTICE:  Table doesn't have 'DISTRIBUTED BY' clause -- Using column named 'a' as the Greenplum Database data distribution key for this table.
HINT:  The 'DISTRIBUTED BY' clause determines the distribution of data. Make sure column(s) chosen are the optimal data distribution key to minimize skew.
insert into subq_abc values(1);
insert into subq_abc values(9);
insert into subq_abc values(3);
insert into subq_abc values(6);
select * from subq_abc;
 a 
---
 9
 1
 3
 6
(4 rows)

                         
-- Test: Subqueries 38
select null::int >= all ('{1,2,33}');
 ?column? 
----------
 
(1 row)

                         
-- Test: Subqueries 49
create table join_tab4 ( i integer, j integer, t text);
NOTICE:  Table doesn't have 'DISTRIBUTED BY' clause -- Using column named 'i' as the Greenplum Database data distribution key for this table.
HINT:  The 'DISTRIBUTED BY' clause determines the distribution of data. Make sure column(s) chosen are the optimal data distribution key to minimize skew.
insert into join_tab4 values (1,7,'sunday'); 
insert into join_tab4 values (2,6,'monday');
insert into join_tab4 values (3,5,'tueday');
insert into join_tab4 values (4,4,'wedday');
insert into join_tab4 values (5,3,'thuday');
insert into join_tab4 values (6,2,'friday');
insert into join_tab4 values (7,1,'satday');
select * from join_tab4;
 i | j |   t    
---+---+--------
 3 | 5 | tueday
 4 | 4 | wedday
 5 | 3 | thuday
 6 | 2 | friday
 7 | 1 | satday
 1 | 7 | sunday
 2 | 6 | monday
(7 rows)

                      
-- Test: Subqueries 50
select i,j,t from (select * from (select i,j,t from join_tab1)as dtab1 
				UNION select * from(select i,j,t from join_tab4) as dtab2 )as mtab; 	
 i | j |   t    
---+---+--------
 0 |   | zero
 2 | 3 | two
 3 | 2 | three
 4 | 4 | wedday
 7 | 1 | satday
 1 | 7 | sunday
 3 | 5 | tueday
 4 | 1 | four
 6 | 2 | friday
   |   | null
 1 | 4 | one
 2 | 6 | monday
 5 | 0 | five
 5 | 3 | thuday
 6 | 6 | six
 7 | 7 | seven
 8 | 8 | eight
   | 0 | zero
(18 rows)

                      
DROP table IF EXISTS join_tab1;
DROP table IF EXISTS join_tab2;
DROP TABLE IF EXISTS SUBSELECT_TBL1;
DROP table IF EXISTS subq_abc;
DROP table IF EXISTS emp_list;
NOTICE:  table "emp_list" does not exist, skipping
DROP TABLE IF EXISTS subq_test1;
NOTICE:  table "subq_test1" does not exist, skipping
DROP table IF EXISTS join_tab4;
